{
  "responseCode": 404,
  "message": "Branch from: repository-with-non-existing-branch repository owned by: Rybaczek not found"
}