{
  "responseCode": 404,
  "message": "User with name: nonExistingUsername not found"
}