{
  "githubBranches": [
    {
      "name": "master",
      "sha": "f3a2a3bb41c5dfb7b96a9f7c650507262c51cdf8"
    }
  ]
}