{
  "responseCode": 403,
  "message": "Could not access User with name: Rybaczek. API rate limit exceeded"
}